<?xml version="1.0" encoding="UTF-8"?>
<testsuites name="jest tests" tests="7" failures="0" time="2.537">
  <testsuite name="input" errors="0" failures="0" skipped="0" timestamp="2020-01-18T13:07:27" time="1.31" tests="3">
    <testcase classname="input large size" name="input large size" time="0.006">
    </testcase>
    <testcase classname="input disabled" name="input disabled" time="0.004">
    </testcase>
    <testcase classname="input trigger blue" name="input trigger blue" time="0.001">
    </testcase>
  </testsuite>
  <testsuite name="Button" errors="0" failures="0" skipped="0" timestamp="2020-01-18T13:07:28" time="0.179" tests="2">
    <testcase classname="Button create" name="Button create" time="0.002">
    </testcase>
    <testcase classname="Button trigger click" name="Button trigger click" time="0.001">
    </testcase>
  </testsuite>
  <testsuite name="icon component" errors="0" failures="0" skipped="0" timestamp="2020-01-18T13:07:28" time="0.148" tests="2">
    <testcase classname="icon component test props name" name="icon component test props name" time="0.005">
    </testcase>
    <testcase classname="icon component trigger click event" name="icon component trigger click event" time="0">
    </testcase>
  </testsuite>
</testsuites>